I, [2017-01-11T11:58:33.802802 #86684]  INFO : << framework: test => /Users/kaisershahid/work/acmedinotech.com/git/ruby/eggtooth/test/. >>
I, [2017-01-11T12:00:05.551191 #86756]  INFO : << framework: test => /Users/kaisershahid/work/acmedinotech.com/git/ruby/eggtooth/test/. >>
I, [2017-01-11T12:20:35.479614 #87097]  INFO : << framework: test => /Users/kaisershahid/work/acmedinotech.com/git/ruby/eggtooth/test/. >>
I, [2017-01-11T12:22:59.199952 #87181]  INFO : << framework: test => /Users/kaisershahid/work/acmedinotech.com/git/ruby/eggtooth/test/. >>
I, [2017-01-11T12:24:23.946088 #87259]  INFO : << framework: test => /Users/kaisershahid/work/acmedinotech.com/git/ruby/eggtooth/test/. >>
I, [2017-01-11T12:25:31.448960 #87330]  INFO : << framework: test => /Users/kaisershahid/work/acmedinotech.com/git/ruby/eggtooth/test/. >>
I, [2017-01-11T12:25:33.285851 #87389]  INFO : << framework: test => /Users/kaisershahid/work/acmedinotech.com/git/ruby/eggtooth/test/. >>
I, [2017-01-11T12:28:48.279661 #87486]  INFO : << framework: test => /Users/kaisershahid/work/acmedinotech.com/git/ruby/eggtooth/test/. >>
I, [2017-01-11T12:29:08.709757 #87550]  INFO : << framework: test => /Users/kaisershahid/work/acmedinotech.com/git/ruby/eggtooth/test/. >>
I, [2017-01-11T12:29:19.084347 #87611]  INFO : << framework: test => /Users/kaisershahid/work/acmedinotech.com/git/ruby/eggtooth/test/. >>
I, [2017-01-11T12:29:40.971845 #87676]  INFO : << framework: test => /Users/kaisershahid/work/acmedinotech.com/git/ruby/eggtooth/test/. >>
I, [2017-01-11T12:30:28.653302 #87743]  INFO : << framework: test => /Users/kaisershahid/work/acmedinotech.com/git/ruby/eggtooth/test/. >>
I, [2017-01-11T12:32:17.803520 #87818]  INFO : << framework: test => /Users/kaisershahid/work/acmedinotech.com/git/ruby/eggtooth/test/. >>
I, [2017-01-11T12:32:42.191193 #87883]  INFO : << framework: test => /Users/kaisershahid/work/acmedinotech.com/git/ruby/eggtooth/test/. >>
I, [2017-01-11T12:36:07.139876 #87983]  INFO : << framework: test => /Users/kaisershahid/work/acmedinotech.com/git/ruby/eggtooth/test/. >>
I, [2017-01-11T12:36:19.045327 #88045]  INFO : << framework: test => /Users/kaisershahid/work/acmedinotech.com/git/ruby/eggtooth/test/. >>
I, [2017-01-11T12:36:46.124648 #88109]  INFO : << framework: test => /Users/kaisershahid/work/acmedinotech.com/git/ruby/eggtooth/test/. >>
